####################
#..................#
#..................#
#..................#
#..................#
####################

*******
*     *
*     *
*     *
*     *
*     *
*     *
*     *
*     *
*     *
*******

Line y = 0.750 x + 18.300 has an x intercept of: -24.400
Line y = -3.428 x + 102.000 has an x intercept of: 29.754
